// Jest Snapshot v1, https://goo.gl/fbAQLP

exports[`Navbar should match the snapshot 1`] = `
<div>
  <div
    class="sc-braxZu bzdGCH"
  >
    <div
      class="sc-gJhJTp eUaePN"
    >
      <a
        class="sc-elDIKY iRzRGi"
        href="/profile"
        id="activeProfile"
        target="_self"
      >
        Profile
      </a>
      <a
        class="sc-fQpRED eiKtPW"
        href="/profile/currently-reading"
        id="inactiveCurrentlyReading"
        target="_self"
      >
        Currently Reading
      </a>
      <a
        class="sc-fQpRED eiKtPW"
        href="/profile/read-books"
        id="inactiveReadBooks"
        target="_self"
      >
        Read Books
      </a>
    </div>
    <div
      class="sc-dsLQwm"
    />
  </div>
</div>
`;
